11:38:45 **** Build of configuration Debug for project Blinky ****
make all 
Building file: ../startup/startup_stm32h743xx.s
Invoking: MCU GCC Assembler
C:\GitHub\Toasty\Examples\Blinky\Debug
arm-none-eabi-as -mcpu=cortex-m7 -mthumb -mfloat-abi=hard -mfpu=fpv5-d16 -g -o "startup/startup_stm32h743xx.o" "../startup/startup_stm32h743xx.s"
Finished building: ../startup/startup_stm32h743xx.s
 
Building file: ../Src/main.c
Invoking: MCU GCC Compiler
C:\GitHub\Toasty\Examples\Blinky\Debug
arm-none-eabi-gcc -mcpu=cortex-m7 -mthumb -mfloat-abi=hard -mfpu=fpv5-d16 '-D__weak=__attribute__((weak))' '-D__packed=__attribute__((__packed__))' -DUSE_HAL_DRIVER -DSTM32H743xx -I"C:/GitHub/Toasty/Examples/Blinky/Inc" -I"C:/GitHub/Toasty/Examples/Blinky/Drivers/STM32H7xx_HAL_Driver/Inc" -I"C:/GitHub/Toasty/Examples/Blinky/Drivers/STM32H7xx_HAL_Driver/Inc/Legacy" -I"C:/GitHub/Toasty/Examples/Blinky/Drivers/CMSIS/Device/ST/STM32H7xx/Include" -I"C:/GitHub/Toasty/Examples/Blinky/Drivers/CMSIS/Include"  -Og -g3 -Wall -fmessage-length=0 -ffunction-sections -c -fmessage-length=0 -MMD -MP -MF"Src/main.d" -MT"Src/main.o" -o "Src/main.o" "../Src/main.c"
Finished building: ../Src/main.c
 
Building file: ../Src/stm32h7xx_hal_msp.c
Invoking: MCU GCC Compiler
C:\GitHub\Toasty\Examples\Blinky\Debug
arm-none-eabi-gcc -mcpu=cortex-m7 -mthumb -mfloat-abi=hard -mfpu=fpv5-d16 '-D__weak=__attribute__((weak))' '-D__packed=__attribute__((__packed__))' -DUSE_HAL_DRIVER -DSTM32H743xx -I"C:/GitHub/Toasty/Examples/Blinky/Inc" -I"C:/GitHub/Toasty/Examples/Blinky/Drivers/STM32H7xx_HAL_Driver/Inc" -I"C:/GitHub/Toasty/Examples/Blinky/Drivers/STM32H7xx_HAL_Driver/Inc/Legacy" -I"C:/GitHub/Toasty/Examples/Blinky/Drivers/CMSIS/Device/ST/STM32H7xx/Include" -I"C:/GitHub/Toasty/Examples/Blinky/Drivers/CMSIS/Include"  -Og -g3 -Wall -fmessage-length=0 -ffunction-sections -c -fmessage-length=0 -MMD -MP -MF"Src/stm32h7xx_hal_msp.d" -MT"Src/stm32h7xx_hal_msp.o" -o "Src/stm32h7xx_hal_msp.o" "../Src/stm32h7xx_hal_msp.c"
Finished building: ../Src/stm32h7xx_hal_msp.c
 
Building file: ../Src/stm32h7xx_it.c
Invoking: MCU GCC Compiler
C:\GitHub\Toasty\Examples\Blinky\Debug
arm-none-eabi-gcc -mcpu=cortex-m7 -mthumb -mfloat-abi=hard -mfpu=fpv5-d16 '-D__weak=__attribute__((weak))' '-D__packed=__attribute__((__packed__))' -DUSE_HAL_DRIVER -DSTM32H743xx -I"C:/GitHub/Toasty/Examples/Blinky/Inc" -I"C:/GitHub/Toasty/Examples/Blinky/Drivers/STM32H7xx_HAL_Driver/Inc" -I"C:/GitHub/Toasty/Examples/Blinky/Drivers/STM32H7xx_HAL_Driver/Inc/Legacy" -I"C:/GitHub/Toasty/Examples/Blinky/Drivers/CMSIS/Device/ST/STM32H7xx/Include" -I"C:/GitHub/Toasty/Examples/Blinky/Drivers/CMSIS/Include"  -Og -g3 -Wall -fmessage-length=0 -ffunction-sections -c -fmessage-length=0 -MMD -MP -MF"Src/stm32h7xx_it.d" -MT"Src/stm32h7xx_it.o" -o "Src/stm32h7xx_it.o" "../Src/stm32h7xx_it.c"
Finished building: ../Src/stm32h7xx_it.c
 
Building file: ../Src/system_stm32h7xx.c
Invoking: MCU GCC Compiler
C:\GitHub\Toasty\Examples\Blinky\Debug
arm-none-eabi-gcc -mcpu=cortex-m7 -mthumb -mfloat-abi=hard -mfpu=fpv5-d16 '-D__weak=__attribute__((weak))' '-D__packed=__attribute__((__packed__))' -DUSE_HAL_DRIVER -DSTM32H743xx -I"C:/GitHub/Toasty/Examples/Blinky/Inc" -I"C:/GitHub/Toasty/Examples/Blinky/Drivers/STM32H7xx_HAL_Driver/Inc" -I"C:/GitHub/Toasty/Examples/Blinky/Drivers/STM32H7xx_HAL_Driver/Inc/Legacy" -I"C:/GitHub/Toasty/Examples/Blinky/Drivers/CMSIS/Device/ST/STM32H7xx/Include" -I"C:/GitHub/Toasty/Examples/Blinky/Drivers/CMSIS/Include"  -Og -g3 -Wall -fmessage-length=0 -ffunction-sections -c -fmessage-length=0 -MMD -MP -MF"Src/system_stm32h7xx.d" -MT"Src/system_stm32h7xx.o" -o "Src/system_stm32h7xx.o" "../Src/system_stm32h7xx.c"
Finished building: ../Src/system_stm32h7xx.c
 
Building file: ../Drivers/STM32H7xx_HAL_Driver/Src/stm32h7xx_hal.c
Invoking: MCU GCC Compiler
C:\GitHub\Toasty\Examples\Blinky\Debug
arm-none-eabi-gcc -mcpu=cortex-m7 -mthumb -mfloat-abi=hard -mfpu=fpv5-d16 '-D__weak=__attribute__((weak))' '-D__packed=__attribute__((__packed__))' -DUSE_HAL_DRIVER -DSTM32H743xx -I"C:/GitHub/Toasty/Examples/Blinky/Inc" -I"C:/GitHub/Toasty/Examples/Blinky/Drivers/STM32H7xx_HAL_Driver/Inc" -I"C:/GitHub/Toasty/Examples/Blinky/Drivers/STM32H7xx_HAL_Driver/Inc/Legacy" -I"C:/GitHub/Toasty/Examples/Blinky/Drivers/CMSIS/Device/ST/STM32H7xx/Include" -I"C:/GitHub/Toasty/Examples/Blinky/Drivers/CMSIS/Include"  -Og -g3 -Wall -fmessage-length=0 -ffunction-sections -c -fmessage-length=0 -MMD -MP -MF"Drivers/STM32H7xx_HAL_Driver/Src/stm32h7xx_hal.d" -MT"Drivers/STM32H7xx_HAL_Driver/Src/stm32h7xx_hal.o" -o "Drivers/STM32H7xx_HAL_Driver/Src/stm32h7xx_hal.o" "../Drivers/STM32H7xx_HAL_Driver/Src/stm32h7xx_hal.c"
Finished building: ../Drivers/STM32H7xx_HAL_Driver/Src/stm32h7xx_hal.c
 
Building file: ../Drivers/STM32H7xx_HAL_Driver/Src/stm32h7xx_hal_cortex.c
Invoking: MCU GCC Compiler
C:\GitHub\Toasty\Examples\Blinky\Debug
arm-none-eabi-gcc -mcpu=cortex-m7 -mthumb -mfloat-abi=hard -mfpu=fpv5-d16 '-D__weak=__attribute__((weak))' '-D__packed=__attribute__((__packed__))' -DUSE_HAL_DRIVER -DSTM32H743xx -I"C:/GitHub/Toasty/Examples/Blinky/Inc" -I"C:/GitHub/Toasty/Examples/Blinky/Drivers/STM32H7xx_HAL_Driver/Inc" -I"C:/GitHub/Toasty/Examples/Blinky/Drivers/STM32H7xx_HAL_Driver/Inc/Legacy" -I"C:/GitHub/Toasty/Examples/Blinky/Drivers/CMSIS/Device/ST/STM32H7xx/Include" -I"C:/GitHub/Toasty/Examples/Blinky/Drivers/CMSIS/Include"  -Og -g3 -Wall -fmessage-length=0 -ffunction-sections -c -fmessage-length=0 -MMD -MP -MF"Drivers/STM32H7xx_HAL_Driver/Src/stm32h7xx_hal_cortex.d" -MT"Drivers/STM32H7xx_HAL_Driver/Src/stm32h7xx_hal_cortex.o" -o "Drivers/STM32H7xx_HAL_Driver/Src/stm32h7xx_hal_cortex.o" "../Drivers/STM32H7xx_HAL_Driver/Src/stm32h7xx_hal_cortex.c"
Finished building: ../Drivers/STM32H7xx_HAL_Driver/Src/stm32h7xx_hal_cortex.c
 
Building file: ../Drivers/STM32H7xx_HAL_Driver/Src/stm32h7xx_hal_dma.c
Invoking: MCU GCC Compiler
C:\GitHub\Toasty\Examples\Blinky\Debug
arm-none-eabi-gcc -mcpu=cortex-m7 -mthumb -mfloat-abi=hard -mfpu=fpv5-d16 '-D__weak=__attribute__((weak))' '-D__packed=__attribute__((__packed__))' -DUSE_HAL_DRIVER -DSTM32H743xx -I"C:/GitHub/Toasty/Examples/Blinky/Inc" -I"C:/GitHub/Toasty/Examples/Blinky/Drivers/STM32H7xx_HAL_Driver/Inc" -I"C:/GitHub/Toasty/Examples/Blinky/Drivers/STM32H7xx_HAL_Driver/Inc/Legacy" -I"C:/GitHub/Toasty/Examples/Blinky/Drivers/CMSIS/Device/ST/STM32H7xx/Include" -I"C:/GitHub/Toasty/Examples/Blinky/Drivers/CMSIS/Include"  -Og -g3 -Wall -fmessage-length=0 -ffunction-sections -c -fmessage-length=0 -MMD -MP -MF"Drivers/STM32H7xx_HAL_Driver/Src/stm32h7xx_hal_dma.d" -MT"Drivers/STM32H7xx_HAL_Driver/Src/stm32h7xx_hal_dma.o" -o "Drivers/STM32H7xx_HAL_Driver/Src/stm32h7xx_hal_dma.o" "../Drivers/STM32H7xx_HAL_Driver/Src/stm32h7xx_hal_dma.c"
Finished building: ../Drivers/STM32H7xx_HAL_Driver/Src/stm32h7xx_hal_dma.c
 
Building file: ../Drivers/STM32H7xx_HAL_Driver/Src/stm32h7xx_hal_dma_ex.c
Invoking: MCU GCC Compiler
C:\GitHub\Toasty\Examples\Blinky\Debug
arm-none-eabi-gcc -mcpu=cortex-m7 -mthumb -mfloat-abi=hard -mfpu=fpv5-d16 '-D__weak=__attribute__((weak))' '-D__packed=__attribute__((__packed__))' -DUSE_HAL_DRIVER -DSTM32H743xx -I"C:/GitHub/Toasty/Examples/Blinky/Inc" -I"C:/GitHub/Toasty/Examples/Blinky/Drivers/STM32H7xx_HAL_Driver/Inc" -I"C:/GitHub/Toasty/Examples/Blinky/Drivers/STM32H7xx_HAL_Driver/Inc/Legacy" -I"C:/GitHub/Toasty/Examples/Blinky/Drivers/CMSIS/Device/ST/STM32H7xx/Include" -I"C:/GitHub/Toasty/Examples/Blinky/Drivers/CMSIS/Include"  -Og -g3 -Wall -fmessage-length=0 -ffunction-sections -c -fmessage-length=0 -MMD -MP -MF"Drivers/STM32H7xx_HAL_Driver/Src/stm32h7xx_hal_dma_ex.d" -MT"Drivers/STM32H7xx_HAL_Driver/Src/stm32h7xx_hal_dma_ex.o" -o "Drivers/STM32H7xx_HAL_Driver/Src/stm32h7xx_hal_dma_ex.o" "../Drivers/STM32H7xx_HAL_Driver/Src/stm32h7xx_hal_dma_ex.c"
Finished building: ../Drivers/STM32H7xx_HAL_Driver/Src/stm32h7xx_hal_dma_ex.c
 
Building file: ../Drivers/STM32H7xx_HAL_Driver/Src/stm32h7xx_hal_flash.c
Invoking: MCU GCC Compiler
C:\GitHub\Toasty\Examples\Blinky\Debug
arm-none-eabi-gcc -mcpu=cortex-m7 -mthumb -mfloat-abi=hard -mfpu=fpv5-d16 '-D__weak=__attribute__((weak))' '-D__packed=__attribute__((__packed__))' -DUSE_HAL_DRIVER -DSTM32H743xx -I"C:/GitHub/Toasty/Examples/Blinky/Inc" -I"C:/GitHub/Toasty/Examples/Blinky/Drivers/STM32H7xx_HAL_Driver/Inc" -I"C:/GitHub/Toasty/Examples/Blinky/Drivers/STM32H7xx_HAL_Driver/Inc/Legacy" -I"C:/GitHub/Toasty/Examples/Blinky/Drivers/CMSIS/Device/ST/STM32H7xx/Include" -I"C:/GitHub/Toasty/Examples/Blinky/Drivers/CMSIS/Include"  -Og -g3 -Wall -fmessage-length=0 -ffunction-sections -c -fmessage-length=0 -MMD -MP -MF"Drivers/STM32H7xx_HAL_Driver/Src/stm32h7xx_hal_flash.d" -MT"Drivers/STM32H7xx_HAL_Driver/Src/stm32h7xx_hal_flash.o" -o "Drivers/STM32H7xx_HAL_Driver/Src/stm32h7xx_hal_flash.o" "../Drivers/STM32H7xx_HAL_Driver/Src/stm32h7xx_hal_flash.c"
Finished building: ../Drivers/STM32H7xx_HAL_Driver/Src/stm32h7xx_hal_flash.c
 
Building file: ../Drivers/STM32H7xx_HAL_Driver/Src/stm32h7xx_hal_flash_ex.c
Invoking: MCU GCC Compiler
C:\GitHub\Toasty\Examples\Blinky\Debug
arm-none-eabi-gcc -mcpu=cortex-m7 -mthumb -mfloat-abi=hard -mfpu=fpv5-d16 '-D__weak=__attribute__((weak))' '-D__packed=__attribute__((__packed__))' -DUSE_HAL_DRIVER -DSTM32H743xx -I"C:/GitHub/Toasty/Examples/Blinky/Inc" -I"C:/GitHub/Toasty/Examples/Blinky/Drivers/STM32H7xx_HAL_Driver/Inc" -I"C:/GitHub/Toasty/Examples/Blinky/Drivers/STM32H7xx_HAL_Driver/Inc/Legacy" -I"C:/GitHub/Toasty/Examples/Blinky/Drivers/CMSIS/Device/ST/STM32H7xx/Include" -I"C:/GitHub/Toasty/Examples/Blinky/Drivers/CMSIS/Include"  -Og -g3 -Wall -fmessage-length=0 -ffunction-sections -c -fmessage-length=0 -MMD -MP -MF"Drivers/STM32H7xx_HAL_Driver/Src/stm32h7xx_hal_flash_ex.d" -MT"Drivers/STM32H7xx_HAL_Driver/Src/stm32h7xx_hal_flash_ex.o" -o "Drivers/STM32H7xx_HAL_Driver/Src/stm32h7xx_hal_flash_ex.o" "../Drivers/STM32H7xx_HAL_Driver/Src/stm32h7xx_hal_flash_ex.c"
Finished building: ../Drivers/STM32H7xx_HAL_Driver/Src/stm32h7xx_hal_flash_ex.c
 
Building file: ../Drivers/STM32H7xx_HAL_Driver/Src/stm32h7xx_hal_gpio.c
Invoking: MCU GCC Compiler
C:\GitHub\Toasty\Examples\Blinky\Debug
arm-none-eabi-gcc -mcpu=cortex-m7 -mthumb -mfloat-abi=hard -mfpu=fpv5-d16 '-D__weak=__attribute__((weak))' '-D__packed=__attribute__((__packed__))' -DUSE_HAL_DRIVER -DSTM32H743xx -I"C:/GitHub/Toasty/Examples/Blinky/Inc" -I"C:/GitHub/Toasty/Examples/Blinky/Drivers/STM32H7xx_HAL_Driver/Inc" -I"C:/GitHub/Toasty/Examples/Blinky/Drivers/STM32H7xx_HAL_Driver/Inc/Legacy" -I"C:/GitHub/Toasty/Examples/Blinky/Drivers/CMSIS/Device/ST/STM32H7xx/Include" -I"C:/GitHub/Toasty/Examples/Blinky/Drivers/CMSIS/Include"  -Og -g3 -Wall -fmessage-length=0 -ffunction-sections -c -fmessage-length=0 -MMD -MP -MF"Drivers/STM32H7xx_HAL_Driver/Src/stm32h7xx_hal_gpio.d" -MT"Drivers/STM32H7xx_HAL_Driver/Src/stm32h7xx_hal_gpio.o" -o "Drivers/STM32H7xx_HAL_Driver/Src/stm32h7xx_hal_gpio.o" "../Drivers/STM32H7xx_HAL_Driver/Src/stm32h7xx_hal_gpio.c"
Finished building: ../Drivers/STM32H7xx_HAL_Driver/Src/stm32h7xx_hal_gpio.c
 
Building file: ../Drivers/STM32H7xx_HAL_Driver/Src/stm32h7xx_hal_hsem.c
Invoking: MCU GCC Compiler
C:\GitHub\Toasty\Examples\Blinky\Debug
arm-none-eabi-gcc -mcpu=cortex-m7 -mthumb -mfloat-abi=hard -mfpu=fpv5-d16 '-D__weak=__attribute__((weak))' '-D__packed=__attribute__((__packed__))' -DUSE_HAL_DRIVER -DSTM32H743xx -I"C:/GitHub/Toasty/Examples/Blinky/Inc" -I"C:/GitHub/Toasty/Examples/Blinky/Drivers/STM32H7xx_HAL_Driver/Inc" -I"C:/GitHub/Toasty/Examples/Blinky/Drivers/STM32H7xx_HAL_Driver/Inc/Legacy" -I"C:/GitHub/Toasty/Examples/Blinky/Drivers/CMSIS/Device/ST/STM32H7xx/Include" -I"C:/GitHub/Toasty/Examples/Blinky/Drivers/CMSIS/Include"  -Og -g3 -Wall -fmessage-length=0 -ffunction-sections -c -fmessage-length=0 -MMD -MP -MF"Drivers/STM32H7xx_HAL_Driver/Src/stm32h7xx_hal_hsem.d" -MT"Drivers/STM32H7xx_HAL_Driver/Src/stm32h7xx_hal_hsem.o" -o "Drivers/STM32H7xx_HAL_Driver/Src/stm32h7xx_hal_hsem.o" "../Drivers/STM32H7xx_HAL_Driver/Src/stm32h7xx_hal_hsem.c"
Finished building: ../Drivers/STM32H7xx_HAL_Driver/Src/stm32h7xx_hal_hsem.c
 
Building file: ../Drivers/STM32H7xx_HAL_Driver/Src/stm32h7xx_hal_i2c.c
Invoking: MCU GCC Compiler
C:\GitHub\Toasty\Examples\Blinky\Debug
arm-none-eabi-gcc -mcpu=cortex-m7 -mthumb -mfloat-abi=hard -mfpu=fpv5-d16 '-D__weak=__attribute__((weak))' '-D__packed=__attribute__((__packed__))' -DUSE_HAL_DRIVER -DSTM32H743xx -I"C:/GitHub/Toasty/Examples/Blinky/Inc" -I"C:/GitHub/Toasty/Examples/Blinky/Drivers/STM32H7xx_HAL_Driver/Inc" -I"C:/GitHub/Toasty/Examples/Blinky/Drivers/STM32H7xx_HAL_Driver/Inc/Legacy" -I"C:/GitHub/Toasty/Examples/Blinky/Drivers/CMSIS/Device/ST/STM32H7xx/Include" -I"C:/GitHub/Toasty/Examples/Blinky/Drivers/CMSIS/Include"  -Og -g3 -Wall -fmessage-length=0 -ffunction-sections -c -fmessage-length=0 -MMD -MP -MF"Drivers/STM32H7xx_HAL_Driver/Src/stm32h7xx_hal_i2c.d" -MT"Drivers/STM32H7xx_HAL_Driver/Src/stm32h7xx_hal_i2c.o" -o "Drivers/STM32H7xx_HAL_Driver/Src/stm32h7xx_hal_i2c.o" "../Drivers/STM32H7xx_HAL_Driver/Src/stm32h7xx_hal_i2c.c"
Finished building: ../Drivers/STM32H7xx_HAL_Driver/Src/stm32h7xx_hal_i2c.c
 
Building file: ../Drivers/STM32H7xx_HAL_Driver/Src/stm32h7xx_hal_i2c_ex.c
Invoking: MCU GCC Compiler
C:\GitHub\Toasty\Examples\Blinky\Debug
arm-none-eabi-gcc -mcpu=cortex-m7 -mthumb -mfloat-abi=hard -mfpu=fpv5-d16 '-D__weak=__attribute__((weak))' '-D__packed=__attribute__((__packed__))' -DUSE_HAL_DRIVER -DSTM32H743xx -I"C:/GitHub/Toasty/Examples/Blinky/Inc" -I"C:/GitHub/Toasty/Examples/Blinky/Drivers/STM32H7xx_HAL_Driver/Inc" -I"C:/GitHub/Toasty/Examples/Blinky/Drivers/STM32H7xx_HAL_Driver/Inc/Legacy" -I"C:/GitHub/Toasty/Examples/Blinky/Drivers/CMSIS/Device/ST/STM32H7xx/Include" -I"C:/GitHub/Toasty/Examples/Blinky/Drivers/CMSIS/Include"  -Og -g3 -Wall -fmessage-length=0 -ffunction-sections -c -fmessage-length=0 -MMD -MP -MF"Drivers/STM32H7xx_HAL_Driver/Src/stm32h7xx_hal_i2c_ex.d" -MT"Drivers/STM32H7xx_HAL_Driver/Src/stm32h7xx_hal_i2c_ex.o" -o "Drivers/STM32H7xx_HAL_Driver/Src/stm32h7xx_hal_i2c_ex.o" "../Drivers/STM32H7xx_HAL_Driver/Src/stm32h7xx_hal_i2c_ex.c"
Finished building: ../Drivers/STM32H7xx_HAL_Driver/Src/stm32h7xx_hal_i2c_ex.c
 
Building file: ../Drivers/STM32H7xx_HAL_Driver/Src/stm32h7xx_hal_mdma.c
Invoking: MCU GCC Compiler
C:\GitHub\Toasty\Examples\Blinky\Debug
arm-none-eabi-gcc -mcpu=cortex-m7 -mthumb -mfloat-abi=hard -mfpu=fpv5-d16 '-D__weak=__attribute__((weak))' '-D__packed=__attribute__((__packed__))' -DUSE_HAL_DRIVER -DSTM32H743xx -I"C:/GitHub/Toasty/Examples/Blinky/Inc" -I"C:/GitHub/Toasty/Examples/Blinky/Drivers/STM32H7xx_HAL_Driver/Inc" -I"C:/GitHub/Toasty/Examples/Blinky/Drivers/STM32H7xx_HAL_Driver/Inc/Legacy" -I"C:/GitHub/Toasty/Examples/Blinky/Drivers/CMSIS/Device/ST/STM32H7xx/Include" -I"C:/GitHub/Toasty/Examples/Blinky/Drivers/CMSIS/Include"  -Og -g3 -Wall -fmessage-length=0 -ffunction-sections -c -fmessage-length=0 -MMD -MP -MF"Drivers/STM32H7xx_HAL_Driver/Src/stm32h7xx_hal_mdma.d" -MT"Drivers/STM32H7xx_HAL_Driver/Src/stm32h7xx_hal_mdma.o" -o "Drivers/STM32H7xx_HAL_Driver/Src/stm32h7xx_hal_mdma.o" "../Drivers/STM32H7xx_HAL_Driver/Src/stm32h7xx_hal_mdma.c"
Finished building: ../Drivers/STM32H7xx_HAL_Driver/Src/stm32h7xx_hal_mdma.c
 
Building file: ../Drivers/STM32H7xx_HAL_Driver/Src/stm32h7xx_hal_pwr.c
Invoking: MCU GCC Compiler
C:\GitHub\Toasty\Examples\Blinky\Debug
arm-none-eabi-gcc -mcpu=cortex-m7 -mthumb -mfloat-abi=hard -mfpu=fpv5-d16 '-D__weak=__attribute__((weak))' '-D__packed=__attribute__((__packed__))' -DUSE_HAL_DRIVER -DSTM32H743xx -I"C:/GitHub/Toasty/Examples/Blinky/Inc" -I"C:/GitHub/Toasty/Examples/Blinky/Drivers/STM32H7xx_HAL_Driver/Inc" -I"C:/GitHub/Toasty/Examples/Blinky/Drivers/STM32H7xx_HAL_Driver/Inc/Legacy" -I"C:/GitHub/Toasty/Examples/Blinky/Drivers/CMSIS/Device/ST/STM32H7xx/Include" -I"C:/GitHub/Toasty/Examples/Blinky/Drivers/CMSIS/Include"  -Og -g3 -Wall -fmessage-length=0 -ffunction-sections -c -fmessage-length=0 -MMD -MP -MF"Drivers/STM32H7xx_HAL_Driver/Src/stm32h7xx_hal_pwr.d" -MT"Drivers/STM32H7xx_HAL_Driver/Src/stm32h7xx_hal_pwr.o" -o "Drivers/STM32H7xx_HAL_Driver/Src/stm32h7xx_hal_pwr.o" "../Drivers/STM32H7xx_HAL_Driver/Src/stm32h7xx_hal_pwr.c"
Finished building: ../Drivers/STM32H7xx_HAL_Driver/Src/stm32h7xx_hal_pwr.c
 
Building file: ../Drivers/STM32H7xx_HAL_Driver/Src/stm32h7xx_hal_pwr_ex.c
Invoking: MCU GCC Compiler
C:\GitHub\Toasty\Examples\Blinky\Debug
arm-none-eabi-gcc -mcpu=cortex-m7 -mthumb -mfloat-abi=hard -mfpu=fpv5-d16 '-D__weak=__attribute__((weak))' '-D__packed=__attribute__((__packed__))' -DUSE_HAL_DRIVER -DSTM32H743xx -I"C:/GitHub/Toasty/Examples/Blinky/Inc" -I"C:/GitHub/Toasty/Examples/Blinky/Drivers/STM32H7xx_HAL_Driver/Inc" -I"C:/GitHub/Toasty/Examples/Blinky/Drivers/STM32H7xx_HAL_Driver/Inc/Legacy" -I"C:/GitHub/Toasty/Examples/Blinky/Drivers/CMSIS/Device/ST/STM32H7xx/Include" -I"C:/GitHub/Toasty/Examples/Blinky/Drivers/CMSIS/Include"  -Og -g3 -Wall -fmessage-length=0 -ffunction-sections -c -fmessage-length=0 -MMD -MP -MF"Drivers/STM32H7xx_HAL_Driver/Src/stm32h7xx_hal_pwr_ex.d" -MT"Drivers/STM32H7xx_HAL_Driver/Src/stm32h7xx_hal_pwr_ex.o" -o "Drivers/STM32H7xx_HAL_Driver/Src/stm32h7xx_hal_pwr_ex.o" "../Drivers/STM32H7xx_HAL_Driver/Src/stm32h7xx_hal_pwr_ex.c"
Finished building: ../Drivers/STM32H7xx_HAL_Driver/Src/stm32h7xx_hal_pwr_ex.c
 
Building file: ../Drivers/STM32H7xx_HAL_Driver/Src/stm32h7xx_hal_rcc.c
Invoking: MCU GCC Compiler
C:\GitHub\Toasty\Examples\Blinky\Debug
arm-none-eabi-gcc -mcpu=cortex-m7 -mthumb -mfloat-abi=hard -mfpu=fpv5-d16 '-D__weak=__attribute__((weak))' '-D__packed=__attribute__((__packed__))' -DUSE_HAL_DRIVER -DSTM32H743xx -I"C:/GitHub/Toasty/Examples/Blinky/Inc" -I"C:/GitHub/Toasty/Examples/Blinky/Drivers/STM32H7xx_HAL_Driver/Inc" -I"C:/GitHub/Toasty/Examples/Blinky/Drivers/STM32H7xx_HAL_Driver/Inc/Legacy" -I"C:/GitHub/Toasty/Examples/Blinky/Drivers/CMSIS/Device/ST/STM32H7xx/Include" -I"C:/GitHub/Toasty/Examples/Blinky/Drivers/CMSIS/Include"  -Og -g3 -Wall -fmessage-length=0 -ffunction-sections -c -fmessage-length=0 -MMD -MP -MF"Drivers/STM32H7xx_HAL_Driver/Src/stm32h7xx_hal_rcc.d" -MT"Drivers/STM32H7xx_HAL_Driver/Src/stm32h7xx_hal_rcc.o" -o "Drivers/STM32H7xx_HAL_Driver/Src/stm32h7xx_hal_rcc.o" "../Drivers/STM32H7xx_HAL_Driver/Src/stm32h7xx_hal_rcc.c"
Finished building: ../Drivers/STM32H7xx_HAL_Driver/Src/stm32h7xx_hal_rcc.c
 
Building file: ../Drivers/STM32H7xx_HAL_Driver/Src/stm32h7xx_hal_rcc_ex.c
Invoking: MCU GCC Compiler
C:\GitHub\Toasty\Examples\Blinky\Debug
arm-none-eabi-gcc -mcpu=cortex-m7 -mthumb -mfloat-abi=hard -mfpu=fpv5-d16 '-D__weak=__attribute__((weak))' '-D__packed=__attribute__((__packed__))' -DUSE_HAL_DRIVER -DSTM32H743xx -I"C:/GitHub/Toasty/Examples/Blinky/Inc" -I"C:/GitHub/Toasty/Examples/Blinky/Drivers/STM32H7xx_HAL_Driver/Inc" -I"C:/GitHub/Toasty/Examples/Blinky/Drivers/STM32H7xx_HAL_Driver/Inc/Legacy" -I"C:/GitHub/Toasty/Examples/Blinky/Drivers/CMSIS/Device/ST/STM32H7xx/Include" -I"C:/GitHub/Toasty/Examples/Blinky/Drivers/CMSIS/Include"  -Og -g3 -Wall -fmessage-length=0 -ffunction-sections -c -fmessage-length=0 -MMD -MP -MF"Drivers/STM32H7xx_HAL_Driver/Src/stm32h7xx_hal_rcc_ex.d" -MT"Drivers/STM32H7xx_HAL_Driver/Src/stm32h7xx_hal_rcc_ex.o" -o "Drivers/STM32H7xx_HAL_Driver/Src/stm32h7xx_hal_rcc_ex.o" "../Drivers/STM32H7xx_HAL_Driver/Src/stm32h7xx_hal_rcc_ex.c"
Finished building: ../Drivers/STM32H7xx_HAL_Driver/Src/stm32h7xx_hal_rcc_ex.c
 
Building file: ../Drivers/STM32H7xx_HAL_Driver/Src/stm32h7xx_hal_tim.c
Invoking: MCU GCC Compiler
C:\GitHub\Toasty\Examples\Blinky\Debug
arm-none-eabi-gcc -mcpu=cortex-m7 -mthumb -mfloat-abi=hard -mfpu=fpv5-d16 '-D__weak=__attribute__((weak))' '-D__packed=__attribute__((__packed__))' -DUSE_HAL_DRIVER -DSTM32H743xx -I"C:/GitHub/Toasty/Examples/Blinky/Inc" -I"C:/GitHub/Toasty/Examples/Blinky/Drivers/STM32H7xx_HAL_Driver/Inc" -I"C:/GitHub/Toasty/Examples/Blinky/Drivers/STM32H7xx_HAL_Driver/Inc/Legacy" -I"C:/GitHub/Toasty/Examples/Blinky/Drivers/CMSIS/Device/ST/STM32H7xx/Include" -I"C:/GitHub/Toasty/Examples/Blinky/Drivers/CMSIS/Include"  -Og -g3 -Wall -fmessage-length=0 -ffunction-sections -c -fmessage-length=0 -MMD -MP -MF"Drivers/STM32H7xx_HAL_Driver/Src/stm32h7xx_hal_tim.d" -MT"Drivers/STM32H7xx_HAL_Driver/Src/stm32h7xx_hal_tim.o" -o "Drivers/STM32H7xx_HAL_Driver/Src/stm32h7xx_hal_tim.o" "../Drivers/STM32H7xx_HAL_Driver/Src/stm32h7xx_hal_tim.c"
Finished building: ../Drivers/STM32H7xx_HAL_Driver/Src/stm32h7xx_hal_tim.c
 
Building file: ../Drivers/STM32H7xx_HAL_Driver/Src/stm32h7xx_hal_tim_ex.c
Invoking: MCU GCC Compiler
C:\GitHub\Toasty\Examples\Blinky\Debug
arm-none-eabi-gcc -mcpu=cortex-m7 -mthumb -mfloat-abi=hard -mfpu=fpv5-d16 '-D__weak=__attribute__((weak))' '-D__packed=__attribute__((__packed__))' -DUSE_HAL_DRIVER -DSTM32H743xx -I"C:/GitHub/Toasty/Examples/Blinky/Inc" -I"C:/GitHub/Toasty/Examples/Blinky/Drivers/STM32H7xx_HAL_Driver/Inc" -I"C:/GitHub/Toasty/Examples/Blinky/Drivers/STM32H7xx_HAL_Driver/Inc/Legacy" -I"C:/GitHub/Toasty/Examples/Blinky/Drivers/CMSIS/Device/ST/STM32H7xx/Include" -I"C:/GitHub/Toasty/Examples/Blinky/Drivers/CMSIS/Include"  -Og -g3 -Wall -fmessage-length=0 -ffunction-sections -c -fmessage-length=0 -MMD -MP -MF"Drivers/STM32H7xx_HAL_Driver/Src/stm32h7xx_hal_tim_ex.d" -MT"Drivers/STM32H7xx_HAL_Driver/Src/stm32h7xx_hal_tim_ex.o" -o "Drivers/STM32H7xx_HAL_Driver/Src/stm32h7xx_hal_tim_ex.o" "../Drivers/STM32H7xx_HAL_Driver/Src/stm32h7xx_hal_tim_ex.c"
Finished building: ../Drivers/STM32H7xx_HAL_Driver/Src/stm32h7xx_hal_tim_ex.c
 
Building target: Blinky.elf
Invoking: MCU GCC Linker
arm-none-eabi-gcc -mcpu=cortex-m7 -mthumb -mfloat-abi=hard -mfpu=fpv5-d16 -specs=nosys.specs -specs=nano.specs -T"../STM32H743VITx_FLASH.ld" -Wl,-Map=output.map -Wl,--gc-sections -o "Blinky.elf" @"objects.list"   -lm
Finished building target: Blinky.elf
 
make --no-print-directory post-build
Generating hex and Printing size information:
arm-none-eabi-objcopy -O ihex "Blinky.elf" "Blinky.hex"
arm-none-eabi-size "Blinky.elf"
   text	   data	    bss	    dec	    hex	filename
   4800	     24	   1568	   6392	   18f8	Blinky.elf
 

11:39:16 Build Finished (took 31s.94ms)

