21:23:34 **** Incremental Build of configuration Debug for project CDC ****
make all 
Building file: ../Src/main.c
Invoking: MCU GCC Compiler
C:\GitHub\toasty\Examples\CDC\Debug
arm-none-eabi-gcc -mcpu=cortex-m7 -mthumb -mfloat-abi=hard -mfpu=fpv5-d16 '-D__weak=__attribute__((weak))' '-D__packed=__attribute__((__packed__))' -DUSE_HAL_DRIVER -DSTM32H743xx -I"C:/GitHub/toasty/Examples/CDC/Inc" -I"C:/GitHub/toasty/Examples/CDC/Drivers/STM32H7xx_HAL_Driver/Inc" -I"C:/GitHub/toasty/Examples/CDC/Drivers/STM32H7xx_HAL_Driver/Inc/Legacy" -I"C:/GitHub/toasty/Examples/CDC/Drivers/CMSIS/Device/ST/STM32H7xx/Include" -I"C:/GitHub/toasty/Examples/CDC/Drivers/CMSIS/Include" -I"C:/GitHub/toasty/Examples/CDC/Middlewares/ST/STM32_USB_Device_Library/Core/Inc" -I"C:/GitHub/toasty/Examples/CDC/Middlewares/ST/STM32_USB_Device_Library/Class/CDC/Inc"  -Og -g3 -Wall -fmessage-length=0 -ffunction-sections -c -fmessage-length=0 -MMD -MP -MF"Src/main.d" -MT"Src/main.o" -o "Src/main.o" "../Src/main.c"
Finished building: ../Src/main.c
 
Building target: CDC.elf
Invoking: MCU GCC Linker
arm-none-eabi-gcc -mcpu=cortex-m7 -mthumb -mfloat-abi=hard -mfpu=fpv5-d16 -specs=nosys.specs -specs=nano.specs -T"../STM32H743VITx_FLASH.ld" -Wl,-Map=output.map -Wl,--gc-sections -o "CDC.elf" @"objects.list"   -lm
Finished building target: CDC.elf
 
make --no-print-directory post-build
Generating hex and Printing size information:
arm-none-eabi-objcopy -O ihex "CDC.elf" "CDC.hex"
arm-none-eabi-size "CDC.elf"
   text	   data	    bss	    dec	    hex	filename
  19656	    464	   7768	  27888	   6cf0	CDC.elf
 

21:23:36 Build Finished (took 1s.882ms)

